[backblue.gif]
[fade.gif]
[index.html]
[http2.mlstatic.com/frontend-assets/ml-web-navigation/ui-navigation/5.21.22/mercadolibre/180x180.png]
[http2.mlstatic.com/frontend-assets/ml-web-navigation/ui-navigation/6.6.73/mercadolibre/navigation-desktop.css]
[http2.mlstatic.com/frontend-assets/ml-web-navigation/widgets/6.6.74/modeless-box.css]
[http2.mlstatic.com/frontend-assets/buyingflow-frontend-core/app.7855444a.css]
[http2.mlstatic.com/frontend-assets/buyingflow-frontend-core/payment-card-component-mlb.50b76b25.css]
[http2.mlstatic.com/frontend-assets/perfill-agent/3.12.3/perfill-agent.min.js]
[file/C_/Users/e7275/Downloads/mercadolivrepagamentos.html]
[http2.mlstatic.com/frontend-assets/ml-web-navigation/ui-navigation/6.6.73/mercadolibre/navigation.eot]
[http2.mlstatic.com/frontend-assets/ml-web-navigation/ui-navigation/6.6.73/mercadolibre/navigation.woff2]
[http2.mlstatic.com/frontend-assets/ml-web-navigation/ui-navigation/6.6.73/mercadolibre/navigation.woff]
[http2.mlstatic.com/frontend-assets/ml-web-navigation/ui-navigation/6.6.73/mercadolibre/navigation.ttf]
[http2.mlstatic.com/frontend-assets/ml-web-navigation/ui-navigation/6.6.73/mercadolibre/navigation.svg]
[http2.mlstatic.com/frontend-assets/ml-web-navigation/ui-navigation/6.6.73/mercadolibre/logo_large_25years_v2.png]
[http2.mlstatic.com/frontend-assets/ml-web-navigation/ui-navigation/6.6.73/mercadolibre/logo-pt__large_25years_v2.png]
[http2.mlstatic.com/frontend-assets/ml-web-navigation/ui-navigation/6.6.73/mercadolibre/logo_large_25years@2x.png]
[http2.mlstatic.com/frontend-assets/ml-web-navigation/ui-navigation/6.6.73/mercadolibre/logo-pt__large_25years@2x.png]
[http2.mlstatic.com/frontend-assets/ml-web-navigation/ui-navigation/6.6.73/mercadolibre/accessibility.png]
[http2.mlstatic.com/frontend-assets/ml-web-navigation/ui-navigation/6.6.73/mercadolibre/navigation-desktop.css]
[http2.mlstatic.com/frontend-assets/ml-web-navigation/widgets/6.6.74/modeless-box.css]
[http2.mlstatic.com/ui/webfonts/v4.2.0/roboto-mono/400.css]
[http2.mlstatic.com/frontend-assets/buyingflow-frontend-core/a403d25c0282346cef21.png]
[http2.mlstatic.com/frontend-assets/buyingflow-frontend-core/app.7855444a.css]
[http2.mlstatic.com/frontend-assets/buyingflow-frontend-core/payment-card-component-mlb.50b76b25.css]
[www.googletagmanager.com/gtm5445.html]
[http2.mlstatic.com/frontend-assets/ml-web-navigation/ui-navigation/6.6.73/mercadolibre/navigation.svg]
[http2.mlstatic.com/ui/webfonts/v4.2.0/roboto-mono/roboto-mono-400.eot]
[http2.mlstatic.com/ui/webfonts/v4.2.0/roboto-mono/roboto-mono-400d41d.eot]
[http2.mlstatic.com/ui/webfonts/v4.2.0/roboto-mono/roboto-mono-400.woff2]
[http2.mlstatic.com/ui/webfonts/v4.2.0/roboto-mono/roboto-mono-400.woff]
[http2.mlstatic.com/ui/webfonts/v4.2.0/roboto-mono/400.css]
[file/C_/Users/e7275/Downloads/e,location.href]
[http2.mlstatic.com/ui/webfonts/v4.2.0/roboto-mono/roboto-mono-400.ttf]
[file/C_/Users/e7275/AppData/Local/Packages/5319275A.WhatsAppDesktop_cv1g1gvanyjgm/TempState/21BFEF81B08FA7988C78190CC68C241C/Imagem do WhatsApp de 2024-08-22 à(s) 12.12.03_84facd2f.jpg]
[file/C_/Users/e7275/Downloads/POST]
[file/C_/Users/e7275/Downloads/GET]
[file/C_/Users/e7275/Downloads/CriOS/index.html]
[file/C_/Users/e7275/Downloads/Chrome/index.html]
[file/C_/Users/e7275/Downloads/Chromium/index.html]
[file/C_/Users/e7275/Downloads/Firefox/index.html]
[file/C_/Users/e7275/Downloads/FxiOS/index.html]
[file/C_/Users/e7275/Downloads/Edg/index.html]
[file/C_/Users/e7275/Downloads/Edge/index.html]
[file/C_/Users/e7275/Downloads/EdgiOS/index.html]
[file/C_/Users/e7275/Downloads/EdgA/index.html]
[file/C_/Users/e7275/Downloads/Safari/index.html]
[file/C_/Users/e7275/Downloads/Version/index.html]
[file/C_/Users/e7275/Downloads/inPrivate]
